// Jest Snapshot v1, https://goo.gl/fbAQLP

exports[`Accordion Component renders NO sections by default 1`] = `
<div>
  <ul>
    <li
      key="0"
    >
      <button
        onClick={[Function]}
      >
        Section 1
      </button>
    </li>
    <li
      key="1"
    >
      <button
        onClick={[Function]}
      >
        Section 2
      </button>
    </li>
    <li
      key="2"
    >
      <button
        onClick={[Function]}
      >
        Section 3
      </button>
    </li>
  </ul>
</div>
`;

exports[`Accordion Component renders empty given no sections 1`] = `
<div>
  <ul />
</div>
`;
